Microchip MPLAB XC8 Compiler V2.20

Linker command line:

-W-3 --edf=C:\Program Files\Microchip\xc8\v2.20\pic\dat\en_msgs.txt -cn \
  -h+dist/default/production\Electric_Water_Heater.X.production.sym \
  --cmf=dist/default/production\Electric_Water_Heater.X.production.cmf -z \
  -Q16F877A -oC:\Users\SAmohsen\AppData\Local\Temp\s9dg.2 \
  --defsym=__MPLAB_BUILD=1 \
  -Mdist/default/production/Electric_Water_Heater.X.production.map -E1 \
  -ver=XC8 Compiler --acfsm=1493 -ASTACK=0110h-016Fh -pstack=STACK \
  -ACODE=00h-07FFhx4 -ASTRCODE=00h-01FFFh -ASTRING=00h-0FFhx32 \
  -ACONST=00h-0FFhx32 -AENTRY=00h-0FFhx32 -ACOMMON=070h-07Fh \
  -ABANK0=020h-06Fh -ABANK1=0A0h-0EFh -ABANK2=0110h-016Fh \
  -ABANK3=0190h-01EFh -ARAM=020h-06Fh,0A0h-0EFh,0110h-016Fh,0190h-01EFh \
  -AABS1=020h-07Fh,0A0h-0EFh,0110h-016Fh,0190h-01EFh -ASFR0=00h-01Fh \
  -ASFR1=080h-09Fh -ASFR2=0100h-010Fh -ASFR3=0180h-018Fh \
  -ACONFIG=02007h-02007h -DCONFIG=2 -AIDLOC=02000h-02003h -DIDLOC=2 \
  -preset_vec=00h,intentry=04h,init,end_init -ppowerup=CODE -pcinit=CODE \
  -pfunctab=ENTRY -AEEDATA=00h-0FFh/02100h -peeprom_data=EEDATA -DEEDATA=2 \
  -DCODE=2 -DSTRCODE=2 -DSTRING=2 -DCONST=2 -DENTRY=2 -k \
  C:\Users\SAmohsen\AppData\Local\Temp\s9dg.o \
  dist/default/production\Electric_Water_Heater.X.production.o 

Object code version is 3.11

Machine type is 16F877A



                Name                               Link     Load   Length Selector   Space Scale
C:\Users\SAmohsen\AppData\Local\Temp\s9dg.o
                end_init                             10       10        3        8       0
                reset_vec                             0        0        3        0       0
                config                             2007     2007        1        0       4
dist/default/production\Electric_Water_Heater.X.production.o
                cinit                                13       13       24        8       0
                functab                              37       37        A       6E       0
                intentry                              4        4        C        8       0
                config                             2007     2007        1        0       4
                text63                              B43      B43       3D     1686       0
                text62                              940      940       22     1280       0
                text61                              CE6      CE6       52     19CC       0
                text60                              906      906       1C     120C       0
                text59                              F8C      F8C       74     1F18       0
                text58                              D38      D38       58     1A70       0
                text57                              847      847       14     108E       0
                text56                              89E      89E       18     113C       0
                text55                              6E5      6E5       95       82       0
                text54                             1748     1748        8     2E90       0
                text53                             17A4     17A4        C     2F48       0
                text52                             17BC     17BC       11     2F78       0
                text51                             1750     1750        8     2EA0       0
                text50                             17B0     17B0        C     2F60       0
                text49                             17CD     17CD       11     2F9A       0
                text48                             179A     179A        A     2F34       0
                text47                              80E      80E       13     101C       0
                text46                              7F6      7F6        A       82       0
                text45                              802      802        C     1004       0
                text44                              AD0      AD0       39     15A0       0
                text43                              3A2      3A2      1DD       82       0
                text42                              9AD      9AD       29     135A       0
                text41                               41       41      361       82       0
                text40                              77A      77A       7C       82       0
                text39                              57F      57F       BC       82       0
                text38                              63B      63B       AA       82       0
                text37                              85B      85B       15     10B6       0
                text36                              A30      A30       30     1460       0
                text35                             1733     1733        7     2E66       0
                text34                              870      870       17     10E0       0
                text33                             17DE     17DE       11     2FBC       0
                text32                             172D     172D        6     2E5A       0
                text31                             1758     1758        8     2EB0       0
                text30                             1760     1760        8     2EC0       0
                text29                              887      887       17     110E       0
                text28                             17EF     17EF       11     2FDE       0
                text27                              922      922       1E     1244       0
                text26                              C99      C99       4D     1932       0
                text25                              8B6      8B6       1A     116C       0
                text24                             173A     173A        7     2E74       0
                text23                              DEB      DEB       5C     1BD6       0
                text22                              E47      E47       69     1C8E       0
                text21                              D90      D90       5B     1B20       0
                text20                              EB0      EB0       6A     1D60       0
                text19                              9D6      9D6       2B     13AC       0
                text18                              962      962       24     12C4       0
                text17                             1788     1788        9     2F10       0
                text16                             1791     1791        9     2F22       0
                text15                              C07      C07       49     180E       0
                text14                             1741     1741        7     2E82       0
                text13                              F1A      F1A       72     1E34       0
                text12                              B80      B80       41     1700       0
                text11                              821      821       13     1042       0
                text10                              B09      B09       3A     1612       0
                text9                               A60      A60       38     14C0       0
                text8                               8D0      8D0       1B     11A0       0
                text7                               C50      C50       49     18A0       0
                text6                               BC1      BC1       46     1782       0
                text5                               A98      A98       38     1530       0
                text4                               A01      A01       2F     1402       0
                text3                              1768     1768        8     2ED0       0
                text2                              1770     1770        8     2EE0       0
                text1                               8EB      8EB       1B     11D6       0
                maintext                           1778     1778        8     2EF0       0
                cstackBANK0                          20       20       49       20       1
                cstackCOMMON                         70       70        8       70       1
                clrtext                            1780     1780        8     2F00       0
                inittext                            834      834       13     1068       0
                dataBANK1                            A0       A0       27       A0       1
                bssBANK1                             C7       C7       23       A0       1
                bssBANK0                             69       69        7       20       1
                bssCOMMON                            78       78        3       70       1
                nvBANK1                              EA       EA        1       A0       1
                strings                            1000     1000        8     2000       0
                idataBANK1                          986      986       27     130C       0

TOTAL           Name                               Link     Load   Length     Space
        CLASS   STACK          

        CLASS   CODE           
                end_init                             10       10        3         0
                cinit                                13       13       24         0
                intentry                              4        4        C         0
                reset_vec                             0        0        3         0
                text63                              B43      B43       3D         0
                text62                              940      940       22         0
                text61                              CE6      CE6       52         0
                text60                              906      906       1C         0
                text59                              F8C      F8C       74         0
                text58                              D38      D38       58         0
                text57                              847      847       14         0
                text56                              89E      89E       18         0
                text55                              6E5      6E5       95         0
                text54                             1748     1748        8         0
                text53                             17A4     17A4        C         0
                text52                             17BC     17BC       11         0
                text51                             1750     1750        8         0
                text50                             17B0     17B0        C         0
                text49                             17CD     17CD       11         0
                text48                             179A     179A        A         0
                text47                              80E      80E       13         0
                text46                              7F6      7F6        A         0
                text45                              802      802        C         0
                text44                              AD0      AD0       39         0
                text43                              3A2      3A2      1DD         0
                text42                              9AD      9AD       29         0
                text41                               41       41      361         0
                text40                              77A      77A       7C         0
                text39                              57F      57F       BC         0
                text38                              63B      63B       AA         0
                text37                              85B      85B       15         0
                text36                              A30      A30       30         0
                text35                             1733     1733        7         0
                text34                              870      870       17         0
                text33                             17DE     17DE       11         0
                text32                             172D     172D        6         0
                text31                             1758     1758        8         0
                text30                             1760     1760        8         0
                text29                              887      887       17         0
                text28                             17EF     17EF       11         0
                text27                              922      922       1E         0
                text26                              C99      C99       4D         0
                text25                              8B6      8B6       1A         0
                text24                             173A     173A        7         0
                text23                              DEB      DEB       5C         0
                text22                              E47      E47       69         0
                text21                              D90      D90       5B         0
                text20                              EB0      EB0       6A         0
                text19                              9D6      9D6       2B         0
                text18                              962      962       24         0
                text17                             1788     1788        9         0
                text16                             1791     1791        9         0
                text15                              C07      C07       49         0
                text14                             1741     1741        7         0
                text13                              F1A      F1A       72         0
                text12                              B80      B80       41         0
                text11                              821      821       13         0
                text10                              B09      B09       3A         0
                text9                               A60      A60       38         0
                text8                               8D0      8D0       1B         0
                text7                               C50      C50       49         0
                text6                               BC1      BC1       46         0
                text5                               A98      A98       38         0
                text4                               A01      A01       2F         0
                text3                              1768     1768        8         0
                text2                              1770     1770        8         0
                text1                               8EB      8EB       1B         0
                maintext                           1778     1778        8         0
                clrtext                            1780     1780        8         0
                inittext                            834      834       13         0
                idataBANK1                          986      986       27         0

        CLASS   STRCODE        

        CLASS   STRING         
                strings                            1000     1000        8         0

        CLASS   CONST          

        CLASS   ENTRY          
                functab                              37       37        A         0

        CLASS   COMMON         
                cstackCOMMON                         70       70        8         1
                bssCOMMON                            78       78        3         1

        CLASS   BANK0          
                cstackBANK0                          20       20       49         1
                bssBANK0                             69       69        7         1

        CLASS   BANK1          
                dataBANK1                            A0       A0       27         1
                bssBANK1                             C7       C7       23         1
                nvBANK1                              EA       EA        1         1

        CLASS   BANK2          

        CLASS   BANK3          

        CLASS   RAM            

        CLASS   ABS1           
                abs_s1                               7E       7E        2         1

        CLASS   SFR0           

        CLASS   SFR1           

        CLASS   SFR2           

        CLASS   SFR3           

        CLASS   CONFIG         
                config                             2007     2007        1         4

        CLASS   IDLOC          

        CLASS   EEDATA         



SEGMENTS        Name                           Load    Length   Top    Selector   Space  Class     Delta

                reset_vec                      000000  000003  000003         0       0  CODE        2
                intentry                       000004  000033  000037         8       0  CODE        2
                cstackBANK0                    000020  000050  000070        20       1  BANK0       1
                functab                        000037  00000A  000041        6E       0  ENTRY       2
                cstackCOMMON                   000070  00000B  00007B        70       1  COMMON      1
                text41                         000041  0007BF  000800        82       0  CODE        2
                dataBANK1                      0000A0  00004B  0000EB        A0       1  BANK1       1
                text45                         000802  00000C  00080E      1004       0  CODE        2
                text47                         00080E  000013  000821      101C       0  CODE        2
                text11                         000821  000013  000834      1042       0  CODE        2
                inittext                       000834  000013  000847      1068       0  CODE        2
                text57                         000847  000014  00085B      108E       0  CODE        2
                text37                         00085B  000015  000870      10B6       0  CODE        2
                text34                         000870  000017  000887      10E0       0  CODE        2
                text29                         000887  000017  00089E      110E       0  CODE        2
                text56                         00089E  000018  0008B6      113C       0  CODE        2
                text25                         0008B6  00001A  0008D0      116C       0  CODE        2
                text8                          0008D0  00001B  0008EB      11A0       0  CODE        2
                text1                          0008EB  00001B  000906      11D6       0  CODE        2
                text60                         000906  00001C  000922      120C       0  CODE        2
                text27                         000922  00001E  000940      1244       0  CODE        2
                text62                         000940  000022  000962      1280       0  CODE        2
                text18                         000962  000024  000986      12C4       0  CODE        2
                idataBANK1                     000986  000027  0009AD      130C       0  CODE        2
                text42                         0009AD  000029  0009D6      135A       0  CODE        2
                text19                         0009D6  00002B  000A01      13AC       0  CODE        2
                text4                          000A01  00002F  000A30      1402       0  CODE        2
                text36                         000A30  000030  000A60      1460       0  CODE        2
                text9                          000A60  000038  000A98      14C0       0  CODE        2
                text5                          000A98  000038  000AD0      1530       0  CODE        2
                text44                         000AD0  000039  000B09      15A0       0  CODE        2
                text10                         000B09  00003A  000B43      1612       0  CODE        2
                text63                         000B43  00003D  000B80      1686       0  CODE        2
                text12                         000B80  000041  000BC1      1700       0  CODE        2
                text6                          000BC1  000046  000C07      1782       0  CODE        2
                text15                         000C07  000049  000C50      180E       0  CODE        2
                text7                          000C50  000049  000C99      18A0       0  CODE        2
                text26                         000C99  00004D  000CE6      1932       0  CODE        2
                text61                         000CE6  000052  000D38      19CC       0  CODE        2
                text58                         000D38  000058  000D90      1A70       0  CODE        2
                text21                         000D90  00005B  000DEB      1B20       0  CODE        2
                text23                         000DEB  00005C  000E47      1BD6       0  CODE        2
                text22                         000E47  000069  000EB0      1C8E       0  CODE        2
                text20                         000EB0  00006A  000F1A      1D60       0  CODE        2
                text13                         000F1A  000072  000F8C      1E34       0  CODE        2
                text59                         000F8C  000074  001000      1F18       0  CODE        2
                strings                        001000  000008  001008      2000       0  STRING      2
                text32                         00172D  000006  001733      2E5A       0  CODE        2
                text35                         001733  000007  00173A      2E66       0  CODE        2
                text24                         00173A  000007  001741      2E74       0  CODE        2
                text14                         001741  000007  001748      2E82       0  CODE        2
                text54                         001748  000008  001750      2E90       0  CODE        2
                text51                         001750  000008  001758      2EA0       0  CODE        2
                text31                         001758  000008  001760      2EB0       0  CODE        2
                text30                         001760  000008  001768      2EC0       0  CODE        2
                text3                          001768  000008  001770      2ED0       0  CODE        2
                text2                          001770  000008  001778      2EE0       0  CODE        2
                maintext                       001778  000008  001780      2EF0       0  CODE        2
                clrtext                        001780  000008  001788      2F00       0  CODE        2
                text17                         001788  000009  001791      2F10       0  CODE        2
                text16                         001791  000009  00179A      2F22       0  CODE        2
                text48                         00179A  00000A  0017A4      2F34       0  CODE        2
                text53                         0017A4  00000C  0017B0      2F48       0  CODE        2
                text50                         0017B0  00000C  0017BC      2F60       0  CODE        2
                text52                         0017BC  000011  0017CD      2F78       0  CODE        2
                text49                         0017CD  000011  0017DE      2F9A       0  CODE        2
                text33                         0017DE  000011  0017EF      2FBC       0  CODE        2
                text28                         0017EF  000011  001800      2FDE       0  CODE        2


UNUSED ADDRESS RANGES

        Name                Unused          Largest block    Delta
        BANK1            00EB-00EF              5           1
        BANK2            0110-016F             60           1
        BANK3            0190-01EF             60           1
        CODE             0003-0003              1           2
                         0800-0801              2
                         1008-172C            725
                         1800-1FFF            800
        COMMON           007B-007D              3           1
        CONST            0003-0003              1           2
                         0800-0801              2
                         1008-172C            100
                         1800-1FFF            100
        EEDATA           2100-21FF            100           2
        ENTRY            0003-0003              1           2
                         0800-0801              2
                         1008-172C            100
                         1800-1FFF            100
        IDLOC            2000-2003              4           2
        RAM              00EB-00EF              5           1
                         0110-016F             60
                         0190-01EF             60
        SFR0             0000-001F             20           1
        SFR1             0080-009F             20           1
        SFR2             0100-010F             10           1
        SFR3             0180-018F             10           1
        STACK            0110-016F             60           1
        STRCODE          0003-0003              1           2
                         0800-0801              2
                         1008-172C            725
                         1800-1FFF            800
        STRING           0003-0003              1           2
                         0800-0801              2
                         1008-172C            100
                         1800-1FFF            100

                                  Symbol Table

?_Adc_readChannel                    cstackCOMMON 0073
?_LM35_ReadTemp                      cstackBANK0  0059
?__Umul8_16                          cstackCOMMON 0073
?___awdiv                            cstackCOMMON 0073
?___awmod                            cstackCOMMON 0073
?___fldiv                            cstackBANK0  003F
?___flmul                            cstackBANK0  0025
?___fltol                            cstackBANK0  003F
?___lwdiv                            cstackCOMMON 0073
?___xxtofl                           cstackBANK0  0023
Adc_init@Config_Ptr                  cstackCOMMON 0075
Adc_readChannel@Adc_result           cstackBANK0  0021
Adc_readChannel@channel              cstackBANK0  0020
Dio_Init@ConfigPtr                   cstackCOMMON 0074
Dio_Init@error                       cstackCOMMON 0073
Dio_ReadChannel@ChannelId            cstackBANK0  0024
Dio_ReadChannel@ChannelLevel         cstackBANK0  0020
Dio_ReadChannel@error                cstackBANK0  0021
Dio_ReadChannel@pin_ptr              cstackBANK0  0022
Dio_WriteChannel@ChannelId           cstackBANK0  0023
Dio_WriteChannel@Level               cstackCOMMON 0073
Dio_WriteChannel@error               cstackBANK0  0020
Dio_WriteChannel@port_ptr            cstackBANK0  0021
Dio_WritePort@Level                  cstackBANK0  0024
Dio_WritePort@PortId                 cstackBANK0  0029
Dio_WritePort@error                  cstackBANK0  0028
Dio_WritePort@port_ptr               cstackBANK0  002A
Disp_updateValue@value               cstackCOMMON 0077
Disp_updateValue_blink@blink         bssBANK0     0069
Disp_updateValue_blink@value         cstackBANK0  002E
I2C_Write@v_i2cData_u8               cstackCOMMON 0073
LM35_ReadTemp@dig                    cstackBANK0  005F
LM35_ReadTemp@temp                   cstackBANK0  0063
LM35_ReadTemp@volt                   cstackBANK0  0065
Port_SetDirection@ConfigPtr          cstackCOMMON 0077
Port_SetDirection@DDR_Ptr            cstackCOMMON 0075
Port_SetPortDirection@ConfigPtr      cstackCOMMON 0077
Port_SetPortDirection@DDR_Ptr        cstackCOMMON 0075
SW_UpdateStates@itr                  cstackCOMMON 0074
SW_UpdateStates@new_pressed_Sw_flag  cstackCOMMON 0073
SW_getState@sw_index                 cstackCOMMON 0073
SW_setConfigurations@config_PTR      cstackBANK0  0020
SW_setConfigurations@itr             cstackBANK0  0021
SW_updateState@sw_index              cstackBANK0  002A
SW_updateState@sw_state              cstackBANK0  0029
Tmr1_setCallback@a_ptr               cstackCOMMON 0073
_ACKDT                               (abs)        048D
_ACKEN                               (abs)        048C
_ADCON0                              (abs)        001F
_ADCON1                              (abs)        009F
_ADRESH                              (abs)        001E
_ADRESL                              (abs)        009E
_Active_Task                         text25       08B6
_Adc_Status                          bssCOMMON    007A
_Adc_configuration                   strings      1006
_Adc_init                            text61       0CE6
_Adc_readChannel                     text44       0AD0
_BF                                  (abs)        04A0
_DIO_configuration                   dataBANK1    00AD
_Dio_Init                            text60       0906
_Dio_ReadChannel                     text13       0F1A
_Dio_WriteChannel                    text55       06E5
_Dio_WritePort                       text23       0DEB
_Dio_configuredChannels              bssCOMMON    0079
_Dio_configuredPorts                 bssBANK0     006E
_Dio_status                          bssBANK0     006F
_Disp_init                           text56       089E
_Disp_turnDiplaysOff                 text24       173A
_Disp_updateValue                    text20       0EB0
_Disp_updateValue_blink              text19       09D6
_Display_Task                        text18       0962
_EWH_SysFlags                        bssCOMMON    0078
_EWH_SysTimes                        bssBANK1     00D2
_EWH_TempSettings                    bssBANK1     00C7
_EWH_initTask                        text26       0C99
_EWH_updateState                     text9        0A60
_Fan_Off                             text54       1748
_Fan_On                              text17       1788
_Fan_init                            text52       17BC
_GIE                                 (abs)        005F
_Heater_Off                          text51       1750
_Heater_On                           text16       1791
_Heater_init                         text49       17CD
_Heater_setConfigurations            text50       17B0
_I2C_Init                            text33       17DE
_I2C_Start                           text31       1758
_I2C_Stop                            text30       1760
_I2C_Write                           text28       17EF
_I2c_setConfigurations               text34       0870
_INTF                                (abs)        0059
_LED_init                            text47       080E
_LED_setConfigurations               text48       179A
_LM35_Init                           text45       0802
_LM35_ReadTemp                       text38       063B
_Main_ISR                            text62       0940
_Os_newTimerTick                     text63       0B43
_Os_sch                              text4        0A01
_Os_start                            text1        08EB
_PEIE                                (abs)        005E
_PEN                                 (abs)        048A
_PORTA                               (abs)        0005
_PORTB                               (abs)        0006
_PORTC                               (abs)        0007
_PORTD                               (abs)        0008
_PORTE                               (abs)        0009
_Port_SetDirection                   text59       0F8C
_Port_SetPortDirection               text58       0D38
_RCEN                                (abs)        048B
_RSEN                                (abs)        0489
_R_W                                 (abs)        04A2
_SEN                                 (abs)        0488
_SSD_setConfigurations               text57       0847
_SSPADD                              (abs)        0093
_SSPBUF                              (abs)        0013
_SSPCON                              (abs)        0014
_SSPSTAT                             (abs)        0094
_SW_Configurations                   dataBANK1    00BE
_SW_Task                             text7        0C50
_SW_UpdateStates                     text8        08D0
_SW_getState                         text14       1741
_SW_init                             text35       1733
_SW_setConfigurations                text36       0A30
_SW_updateSamples                    text11       0821
_SW_updateState                      text12       0B80
_SysTimer_start                      text3        1768
_T1CKPS0                             (abs)        0084
_T1CKPS1                             (abs)        0085
_TMR1CS                              (abs)        0081
_TMR1H                               (abs)        000F
_TMR1IE                              (abs)        0460
_TMR1IF                              (abs)        0060
_TMR1L                               (abs)        000E
_TMR1ON                              (abs)        0080
_TRISA                               (abs)        0085
_TRISB                               (abs)        0086
_TRISC                               (abs)        0087
_TRISD                               (abs)        0088
_TRISE                               (abs)        0089
_TempControl_State                   text15       0C07
_TempSensing_Task                    text5        0A98
_TempSetting_State                   text10       0B09
_Tmr1_setCallback                    text2        1770
__Habs1                              abs1         0000
__Hbank0                             bank0        0000
__Hbank1                             bank1        0000
__Hbank2                             bank2        0000
__Hbank3                             bank3        0000
__HbssBANK0                          bssBANK0     0000
__HbssBANK1                          bssBANK1     0000
__HbssCOMMON                         bssCOMMON    0000
__Hcinit                             cinit        0037
__Hclrtext                           clrtext      0000
__Hcode                              code         0000
__Hcommon                            common       0000
__Hconfig                            config       2008
__HcstackBANK0                       cstackBANK0  0000
__HcstackCOMMON                      cstackCOMMON 0000
__HdataBANK1                         dataBANK1    0000
__Heeprom_data                       eeprom_data  0000
__Hend_init                          end_init     0013
__Hfunctab                           functab      0041
__HidataBANK1                        idataBANK1   0000
__Hinit                              init         0010
__Hinittext                          inittext     0000
__Hintentry                          intentry     0010
__Hmaintext                          maintext     0000
__HnvBANK1                           nvBANK1      0000
__Hpowerup                           powerup      0000
__Hram                               ram          0000
__Hreset_vec                         reset_vec    0003
__Hsfr0                              sfr0         0000
__Hsfr1                              sfr1         0000
__Hsfr2                              sfr2         0000
__Hsfr3                              sfr3         0000
__Hspace_0                           (abs)        1800
__Hspace_1                           (abs)        00EB
__Hspace_2                           (abs)        0000
__Hspace_3                           (abs)        0000
__Hspace_4                           (abs)        400F
__Hstack                             stack        0000
__Hstrings                           strings      0000
__Htext                              text         0000
__Labs1                              abs1         0000
__Lbank0                             bank0        0000
__Lbank1                             bank1        0000
__Lbank2                             bank2        0000
__Lbank3                             bank3        0000
__LbssBANK0                          bssBANK0     0000
__LbssBANK1                          bssBANK1     0000
__LbssCOMMON                         bssCOMMON    0000
__Lcinit                             cinit        0013
__Lclrtext                           clrtext      0000
__Lcode                              code         0000
__Lcommon                            common       0000
__Lconfig                            config       0000
__LcstackBANK0                       cstackBANK0  0000
__LcstackCOMMON                      cstackCOMMON 0000
__LdataBANK1                         dataBANK1    0000
__Leeprom_data                       eeprom_data  0000
__Lend_init                          end_init     0010
__Lfunctab                           functab      0037
__LidataBANK1                        idataBANK1   0000
__Linit                              init         0010
__Linittext                          inittext     0000
__Lintentry                          intentry     0004
__Lmaintext                          maintext     0000
__LnvBANK1                           nvBANK1      0000
__Lpowerup                           powerup      0000
__Lram                               ram          0000
__Lreset_vec                         reset_vec    0000
__Lsfr0                              sfr0         0000
__Lsfr1                              sfr1         0000
__Lsfr2                              sfr2         0000
__Lsfr3                              sfr3         0000
__Lspace_0                           (abs)        0000
__Lspace_1                           (abs)        0000
__Lspace_2                           (abs)        0000
__Lspace_3                           (abs)        0000
__Lspace_4                           (abs)        0000
__Lstack                             stack        0000
__Lstrings                           strings      0000
__Ltext                              text         0000
__S0                                 (abs)        1800
__S1                                 (abs)        00EB
__S2                                 (abs)        0000
__S3                                 (abs)        0000
__Umul8_16                           text42       09AD
__Umul8_16@multiplicand              cstackCOMMON 0073
__Umul8_16@multiplier                cstackBANK0  0024
__Umul8_16@product                   cstackBANK0  0020
__Umul8_16@word_mpld                 cstackBANK0  0022
___awdiv                             text22       0E47
___awdiv@counter                     cstackBANK0  0020
___awdiv@dividend                    cstackCOMMON 0075
___awdiv@divisor                     cstackCOMMON 0073
___awdiv@quotient                    cstackBANK0  0022
___awdiv@sign                        cstackBANK0  0021
___awmod                             text21       0D90
___awmod@counter                     cstackBANK0  0020
___awmod@dividend                    cstackCOMMON 0075
___awmod@divisor                     cstackCOMMON 0073
___awmod@sign                        cstackBANK0  0021
___bmul                              text37       085B
___bmul@multiplicand                 cstackCOMMON 0073
___bmul@multiplier                   cstackCOMMON 0075
___bmul@product                      cstackCOMMON 0074
___fldiv                             text43       03A2
___fldiv@a                           cstackBANK0  003F
___fldiv@aexp                        cstackBANK0  0058
___fldiv@b                           cstackBANK0  0043
___fldiv@bexp                        cstackBANK0  0057
___fldiv@grs                         cstackBANK0  0053
___fldiv@new_exp                     cstackBANK0  0051
___fldiv@rem                         cstackBANK0  004C
___fldiv@sign                        cstackBANK0  0050
___flmul                             text41       0041
___flmul@a                           cstackBANK0  0029
___flmul@aexp                        cstackBANK0  0037
___flmul@b                           cstackBANK0  0025
___flmul@bexp                        cstackBANK0  0038
___flmul@grs                         cstackBANK0  0033
___flmul@prod                        cstackBANK0  0039
___flmul@sign                        cstackBANK0  0032
___flmul@temp                        cstackBANK0  003D
___fltol                             text40       077A
___fltol@exp1                        cstackBANK0  0048
___fltol@f1                          cstackBANK0  003F
___fltol@sign1                       cstackBANK0  0047
___int_sp                            stack        0000
___latbits                           (abs)        0002
___lwdiv                             text6        0BC1
___lwdiv@counter                     cstackBANK0  0020
___lwdiv@dividend                    cstackCOMMON 0075
___lwdiv@divisor                     cstackCOMMON 0073
___lwdiv@quotient                    cstackBANK0  0021
___sp                                stack        0000
___stackhi                           (abs)        0000
___stacklo                           (abs)        0000
___xxtofl                            text39       057F
___xxtofl@arg                        cstackBANK0  002D
___xxtofl@exp                        cstackBANK0  002C
___xxtofl@sign                       cstackBANK0  002B
___xxtofl@val                        cstackBANK0  0023
__end_of_Active_Task                 text25       08D0
__end_of_Adc_configuration           strings      1008
__end_of_Adc_init                    text61       0D38
__end_of_Adc_readChannel             text44       0B09
__end_of_Dio_Init                    text60       0922
__end_of_Dio_ReadChannel             text13       0F8C
__end_of_Dio_WriteChannel            text55       077A
__end_of_Dio_WritePort               text23       0E47
__end_of_Disp_init                   text56       08B6
__end_of_Disp_turnDiplaysOff         text24       1741
__end_of_Disp_updateValue            text20       0F1A
__end_of_Disp_updateValue_blink      text19       0A01
__end_of_Display_Task                text18       0986
__end_of_EWH_initTask                text26       0CE6
__end_of_EWH_updateState             text9        0A98
__end_of_Fan_Off                     text54       1750
__end_of_Fan_On                      text17       1791
__end_of_Fan_init                    text52       17CD
__end_of_Heater_Off                  text51       1758
__end_of_Heater_On                   text16       179A
__end_of_Heater_init                 text49       17DE
__end_of_Heater_setConfigurations    text50       17BC
__end_of_I2C_Init                    text33       17EF
__end_of_I2C_Start                   text31       1760
__end_of_I2C_Stop                    text30       1768
__end_of_I2C_Write                   text28       1800
__end_of_I2c_setConfigurations       text34       0887
__end_of_LED_init                    text47       0821
__end_of_LED_setConfigurations       text48       17A4
__end_of_LM35_Init                   text45       080E
__end_of_LM35_ReadTemp               text38       06E5
__end_of_Main_ISR                    text62       0962
__end_of_Os_newTimerTick             text63       0B80
__end_of_Os_sch                      text4        0A30
__end_of_Os_start                    text1        0906
__end_of_Port_SetDirection           text59       1000
__end_of_Port_SetPortDirection       text58       0D90
__end_of_SSD_setConfigurations       text57       085B
__end_of_SW_Task                     text7        0C99
__end_of_SW_UpdateStates             text8        08EB
__end_of_SW_getState                 text14       1748
__end_of_SW_init                     text35       173A
__end_of_SW_setConfigurations        text36       0A60
__end_of_SW_updateSamples            text11       0834
__end_of_SW_updateState              text12       0BC1
__end_of_SysTimer_start              text3        1770
__end_of_TempControl_State           text15       0C50
__end_of_TempSensing_Task            text5        0AD0
__end_of_TempSetting_State           text10       0B43
__end_of_Tmr1_setCallback            text2        1778
__end_of__Umul8_16                   text42       09D6
__end_of___awdiv                     text22       0EB0
__end_of___awmod                     text21       0DEB
__end_of___bmul                      text37       0870
__end_of___fldiv                     text43       057F
__end_of___flmul                     text41       03A2
__end_of___fltol                     text40       07F6
__end_of___lwdiv                     text6        0C07
__end_of___xxtofl                    text39       063B
__end_of__i1fptable                  functab      0041
__end_of__initialization             cinit        0033
__end_of__stringtab                  strings      1006
__end_of_externalEEPROM_init         text32       1733
__end_of_externalEEPROM_writeU8Data  text27       0940
__end_of_fan_setConfigurations       text53       17B0
__end_of_i2c_WaitForIdle             text29       089E
__end_of_lm35_setConfigurations      text46       0800
__end_of_main                        maintext     1780
__i1fptable                          functab      0038
__initialization                     cinit        0013
__pbssBANK0                          bssBANK0     0069
__pbssBANK1                          bssBANK1     00C7
__pbssCOMMON                         bssCOMMON    0078
__pcstackBANK0                       cstackBANK0  0020
__pcstackCOMMON                      cstackCOMMON 0070
__pdataBANK1                         dataBANK1    00A0
__pfunctab                           functab      0037
__pidataBANK1                        idataBANK1   0986
__pintentry                          intentry     0004
__pmaintext                          maintext     1778
__pnvBANK1                           nvBANK1      00EA
__pstrings                           strings      1000
__ptext1                             text1        08EB
__ptext10                            text10       0B09
__ptext11                            text11       0821
__ptext12                            text12       0B80
__ptext13                            text13       0F1A
__ptext14                            text14       1741
__ptext15                            text15       0C07
__ptext16                            text16       1791
__ptext17                            text17       1788
__ptext18                            text18       0962
__ptext19                            text19       09D6
__ptext2                             text2        1770
__ptext20                            text20       0EB0
__ptext21                            text21       0D90
__ptext22                            text22       0E47
__ptext23                            text23       0DEB
__ptext24                            text24       173A
__ptext25                            text25       08B6
__ptext26                            text26       0C99
__ptext27                            text27       0922
__ptext28                            text28       17EF
__ptext29                            text29       0887
__ptext3                             text3        1768
__ptext30                            text30       1760
__ptext31                            text31       1758
__ptext32                            text32       172D
__ptext33                            text33       17DE
__ptext34                            text34       0870
__ptext35                            text35       1733
__ptext36                            text36       0A30
__ptext37                            text37       085B
__ptext38                            text38       063B
__ptext39                            text39       057F
__ptext4                             text4        0A01
__ptext40                            text40       077A
__ptext41                            text41       0041
__ptext42                            text42       09AD
__ptext43                            text43       03A2
__ptext44                            text44       0AD0
__ptext45                            text45       0802
__ptext46                            text46       07F6
__ptext47                            text47       080E
__ptext48                            text48       179A
__ptext49                            text49       17CD
__ptext5                             text5        0A98
__ptext50                            text50       17B0
__ptext51                            text51       1750
__ptext52                            text52       17BC
__ptext53                            text53       17A4
__ptext54                            text54       1748
__ptext55                            text55       06E5
__ptext56                            text56       089E
__ptext57                            text57       0847
__ptext58                            text58       0D38
__ptext59                            text59       0F8C
__ptext6                             text6        0BC1
__ptext60                            text60       0906
__ptext61                            text61       0CE6
__ptext62                            text62       0940
__ptext63                            text63       0B43
__ptext7                             text7        0C50
__ptext8                             text8        08D0
__ptext9                             text9        0A60
__size_of_Active_Task                (abs)        0000
__size_of_Adc_init                   (abs)        0000
__size_of_Adc_readChannel            (abs)        0000
__size_of_Dio_Init                   (abs)        0000
__size_of_Dio_ReadChannel            (abs)        0000
__size_of_Dio_WriteChannel           (abs)        0000
__size_of_Dio_WritePort              (abs)        0000
__size_of_Disp_init                  (abs)        0000
__size_of_Disp_turnDiplaysOff        (abs)        0000
__size_of_Disp_updateValue           (abs)        0000
__size_of_Disp_updateValue_blink     (abs)        0000
__size_of_Display_Task               (abs)        0000
__size_of_EWH_initTask               (abs)        0000
__size_of_EWH_updateState            (abs)        0000
__size_of_Fan_Off                    (abs)        0000
__size_of_Fan_On                     (abs)        0000
__size_of_Fan_init                   (abs)        0000
__size_of_Heater_Off                 (abs)        0000
__size_of_Heater_On                  (abs)        0000
__size_of_Heater_init                (abs)        0000
__size_of_Heater_setConfigurations   (abs)        0000
__size_of_I2C_Init                   (abs)        0000
__size_of_I2C_Start                  (abs)        0000
__size_of_I2C_Stop                   (abs)        0000
__size_of_I2C_Write                  (abs)        0000
__size_of_I2c_setConfigurations      (abs)        0000
__size_of_LED_init                   (abs)        0000
__size_of_LED_setConfigurations      (abs)        0000
__size_of_LM35_Init                  (abs)        0000
__size_of_LM35_ReadTemp              (abs)        0000
__size_of_Main_ISR                   (abs)        0000
__size_of_Os_newTimerTick            (abs)        0000
__size_of_Os_sch                     (abs)        0000
__size_of_Os_start                   (abs)        0000
__size_of_Port_SetDirection          (abs)        0000
__size_of_Port_SetPortDirection      (abs)        0000
__size_of_SSD_setConfigurations      (abs)        0000
__size_of_SW_Task                    (abs)        0000
__size_of_SW_UpdateStates            (abs)        0000
__size_of_SW_getState                (abs)        0000
__size_of_SW_init                    (abs)        0000
__size_of_SW_setConfigurations       (abs)        0000
__size_of_SW_updateSamples           (abs)        0000
__size_of_SW_updateState             (abs)        0000
__size_of_SysTimer_start             (abs)        0000
__size_of_TempControl_State          (abs)        0000
__size_of_TempSensing_Task           (abs)        0000
__size_of_TempSetting_State          (abs)        0000
__size_of_Tmr1_setCallback           (abs)        0000
__size_of__Umul8_16                  (abs)        0000
__size_of___awdiv                    (abs)        0000
__size_of___awmod                    (abs)        0000
__size_of___bmul                     (abs)        0000
__size_of___fldiv                    (abs)        0000
__size_of___flmul                    (abs)        0000
__size_of___fltol                    (abs)        0000
__size_of___lwdiv                    (abs)        0000
__size_of___xxtofl                   (abs)        0000
__size_of__i1fptable                 (abs)        0000
__size_of_externalEEPROM_init        (abs)        0000
__size_of_externalEEPROM_writeU8Data (abs)        0000
__size_of_fan_setConfigurations      (abs)        0000
__size_of_i2c_WaitForIdle            (abs)        0000
__size_of_lm35_setConfigurations     (abs)        0000
__size_of_main                       (abs)        0000
__stringbase                         strings      1005
__stringtab                          strings      1000
_externalEEPROM_init                 text32       172D
_externalEEPROM_writeU8Data          text27       0922
_fan_setConfigurations               text53       17A4
_g_ExtINT_callback_ptr               bssBANK0     006D
_g_HeatingElement_config             bssBANK1     00E5
_g_LED_Config                        bssBANK1     00D6
_g_SCL_config                        bssBANK1     00CF
_g_SDA_config                        bssBANK1     00CC
_g_SSD_DISP1_Enable_config           bssBANK1     00DC
_g_SSD_DISP2_Enable_config           bssBANK1     00D9
_g_SSD_DataArr                       dataBANK1    00A0
_g_SSD_DataPortConfig                bssBANK1     00E8
_g_SW_configs                        bssBANK1     00D5
_g_TMR1_callback_ptr                 nvBANK1      00EA
_g_coolingElement_config             bssBANK1     00DF
_g_curr_heater_state                 bssBANK0     006C
_g_lm35_config                       bssBANK1     00E2
_g_sw_states                         dataBANK1    00AA
_i2c_WaitForIdle                     text29       0887
_lm35_setConfigurations              text46       07F6
_main                                maintext     1778
_sw                                  bssBANK0     006B
btemp                                (abs)        007E
clear_ram0                           clrtext      1780
end_of_initialization                cinit        0033
externalEEPROM_writeU8Data@Addr      cstackCOMMON 0074
externalEEPROM_writeU8Data@Data      cstackCOMMON 0075
fpbase                               (abs)        0000
fptable                              functab      0037
fptotal                              (abs)        0000
i1fpbase                             functab      003D
i1fptable                            functab      0038
i1fptotal                            (abs)        0002
init_fetch0                          inittext     0834
init_ram0                            inittext     0838
interrupt_function                   intentry     0004
intlevel0                            functab      0037
intlevel1                            functab      0037
intlevel2                            functab      0037
intlevel3                            functab      0037
intlevel4                            functab      0037
intlevel5                            functab      0037
reset_vec                            reset_vec    0000
saved_w                              (abs)        007E
start                                init         0010
start_initialization                 cinit        0013
wtemp0                               (abs)        007E


FUNCTION INFORMATION:

 *************** function _main *****************
 Defined at:
		line 9 in file "main.c"
 Parameters:    Size  Location     Type
		None
 Auto vars:     Size  Location     Type
		None
 Return value:  Size  Location     Type
                  1    wreg      void 
 Registers used:
		wreg, fsr0l, fsr0h, status,2, status,0, btemp+1, pclath, cstack
 Tracked objects:
		On entry : 
		On exit  : 
		Unchanged: 
 Data sizes:     COMMON   BANK0   BANK1   BANK3   BANK2
      Params:         0       0       0       0       0
      Locals:         0       0       0       0       0
      Temps:          0       0       0       0       0
      Totals:         0       0       0       0       0
Total ram usage:        0 bytes
 Hardware stack levels required when called:    9
 This function calls:
		_Os_start
 This function is called by:
		Startup code after reset
 This function uses a non-reentrant model


 *************** function _Os_start *****************
 Defined at:
		line 14 in file "Os.c"
 Parameters:    Size  Location     Type
		None
 Auto vars:     Size  Location     Type
		None
 Return value:  Size  Location     Type
                  1    wreg      void 
 Registers used:
		wreg, fsr0l, fsr0h, status,2, status,0, btemp+1, pclath, cstack
 Tracked objects:
		On entry : 
		On exit  : 
		Unchanged: 
 Data sizes:     COMMON   BANK0   BANK1   BANK3   BANK2
      Params:         0       0       0       0       0
      Locals:         0       0       0       0       0
      Temps:          0       0       0       0       0
      Totals:         0       0       0       0       0
Total ram usage:        0 bytes
 Hardware stack levels used:    1
 Hardware stack levels required when called:    8
 This function calls:
		_EWH_initTask
		_Os_sch
		_SysTimer_start
		_Tmr1_setCallback
 This function is called by:
		_main
 This function uses a non-reentrant model


 *************** function _Tmr1_setCallback *****************
 Defined at:
		line 29 in file "INTHandelrs.c"
 Parameters:    Size  Location     Type
  a_ptr           1    wreg     PTR FTN()void 
		 -> Os_newTimerTick(1), 
 Auto vars:     Size  Location     Type
  a_ptr           1    3[COMMON] PTR FTN()void 
		 -> Os_newTimerTick(1), 
 Return value:  Size  Location     Type
                  1    wreg      void 
 Registers used:
		wreg, btemp+1
 Tracked objects:
		On entry : 
		On exit  : 
		Unchanged: 
 Data sizes:     COMMON   BANK0   BANK1   BANK3   BANK2
      Params:         0       0       0       0       0
      Locals:         1       0       0       0       0
      Temps:          0       0       0       0       0
      Totals:         1       0       0       0       0
Total ram usage:        1 bytes
 Hardware stack levels used:    1
 Hardware stack levels required when called:    2
 This function calls:
		Nothing
 This function is called by:
		_Os_start
 This function uses a non-reentrant model


 *************** function _SysTimer_start *****************
 Defined at:
		line 26 in file "timer.c"
 Parameters:    Size  Location     Type
		None
 Auto vars:     Size  Location     Type
		None
 Return value:  Size  Location     Type
                  1    wreg      void 
 Registers used:
		wreg
 Tracked objects:
		On entry : 
		On exit  : 
		Unchanged: 
 Data sizes:     COMMON   BANK0   BANK1   BANK3   BANK2
      Params:         0       0       0       0       0
      Locals:         0       0       0       0       0
      Temps:          0       0       0       0       0
      Totals:         0       0       0       0       0
Total ram usage:        0 bytes
 Hardware stack levels used:    1
 Hardware stack levels required when called:    2
 This function calls:
		Nothing
 This function is called by:
		_Os_start
 This function uses a non-reentrant model


 *************** function _Os_sch *****************
 Defined at:
		line 69 in file "Os.c"
 Parameters:    Size  Location     Type
		None
 Auto vars:     Size  Location     Type
		None
 Return value:  Size  Location     Type
                  1    wreg      void 
 Registers used:
		wreg, fsr0l, fsr0h, status,2, status,0, btemp+1, pclath, cstack
 Tracked objects:
		On entry : 
		On exit  : 
		Unchanged: 
 Data sizes:     COMMON   BANK0   BANK1   BANK3   BANK2
      Params:         0       0       0       0       0
      Locals:         0       0       0       0       0
      Temps:          0       0       0       0       0
      Totals:         0       0       0       0       0
Total ram usage:        0 bytes
 Hardware stack levels used:    1
 Hardware stack levels required when called:    7
 This function calls:
		_Active_Task
		_Display_Task
		_EWH_updateState
		_SW_Task
		_TempSensing_Task
 This function is called by:
		_Os_start
 This function uses a non-reentrant model


 *************** function _TempSensing_Task *****************
 Defined at:
		line 82 in file "ElectricWaterHeater.c"
 Parameters:    Size  Location     Type
		None
 Auto vars:     Size  Location     Type
		None
 Return value:  Size  Location     Type
                  1    wreg      void 
 Registers used:
		wreg, status,2, status,0, btemp+1, pclath, cstack
 Tracked objects:
		On entry : 
		On exit  : 
		Unchanged: 
 Data sizes:     COMMON   BANK0   BANK1   BANK3   BANK2
      Params:         0       0       0       0       0
      Locals:         0       0       0       0       0
      Temps:          0       0       0       0       0
      Totals:         0       0       0       0       0
Total ram usage:        0 bytes
 Hardware stack levels used:    1
 Hardware stack levels required when called:    5
 This function calls:
		_LM35_ReadTemp
		___lwdiv
 This function is called by:
		_Os_sch
 This function uses a non-reentrant model


 *************** function ___lwdiv *****************
 Defined at:
		line 5 in file "C:\Program Files\Microchip\xc8\v2.20\pic\sources\c90\common\lwdiv.c"
 Parameters:    Size  Location     Type
  divisor         2    3[COMMON] unsigned int 
  dividend        2    5[COMMON] unsigned int 
 Auto vars:     Size  Location     Type
  quotient        2    1[BANK0 ] unsigned int 
  counter         1    0[BANK0 ] unsigned char 
 Return value:  Size  Location     Type
                  2    3[COMMON] unsigned int 
 Registers used:
		wreg, status,2, status,0, btemp+1
 Tracked objects:
		On entry : 
		On exit  : 
		Unchanged: 
 Data sizes:     COMMON   BANK0   BANK1   BANK3   BANK2
      Params:         4       0       0       0       0
      Locals:         0       3       0       0       0
      Temps:          0       0       0       0       0
      Totals:         4       3       0       0       0
Total ram usage:        7 bytes
 Hardware stack levels used:    1
 Hardware stack levels required when called:    2
 This function calls:
		Nothing
 This function is called by:
		_TempSensing_Task
 This function uses a non-reentrant model


 *************** function _SW_Task *****************
 Defined at:
		line 52 in file "ElectricWaterHeater.c"
 Parameters:    Size  Location     Type
		None
 Auto vars:     Size  Location     Type
		None
 Return value:  Size  Location     Type
                  1    wreg      void 
 Registers used:
		wreg, fsr0l, fsr0h, status,2, status,0, btemp+1, pclath, cstack
 Tracked objects:
		On entry : 
		On exit  : 
		Unchanged: 
 Data sizes:     COMMON   BANK0   BANK1   BANK3   BANK2
      Params:         0       0       0       0       0
      Locals:         0       0       0       0       0
      Temps:          0       0       0       0       0
      Totals:         0       0       0       0       0
Total ram usage:        0 bytes
 Hardware stack levels used:    1
 Hardware stack levels required when called:    5
 This function calls:
		_SW_UpdateStates
		_SW_getState
		_SW_updateSamples
 This function is called by:
		_Os_sch
 This function uses a non-reentrant model


 *************** function _SW_UpdateStates *****************
 Defined at:
		line 48 in file "SW.c"
 Parameters:    Size  Location     Type
		None
 Auto vars:     Size  Location     Type
  itr             1    4[COMMON] unsigned char 
  new_pressed_    1    3[COMMON] unsigned char 
 Return value:  Size  Location     Type
                  1    wreg      unsigned char 
 Registers used:
		wreg, fsr0l, fsr0h, status,2, status,0, btemp+1
 Tracked objects:
		On entry : 
		On exit  : 
		Unchanged: 
 Data sizes:     COMMON   BANK0   BANK1   BANK3   BANK2
      Params:         0       0       0       0       0
      Locals:         2       0       0       0       0
      Temps:          0       0       0       0       0
      Totals:         2       0       0       0       0
Total ram usage:        2 bytes
 Hardware stack levels used:    1
 Hardware stack levels required when called:    2
 This function calls:
		Nothing
 This function is called by:
		_SW_Task
 This function uses a non-reentrant model


 *************** function _EWH_updateState *****************
 Defined at:
		line 192 in file "ElectricWaterHeater.c"
 Parameters:    Size  Location     Type
		None
 Auto vars:     Size  Location     Type
		None
 Return value:  Size  Location     Type
                  1    wreg      void 
 Registers used:
		wreg, fsr0l, fsr0h, status,2, status,0, btemp+1, pclath, cstack
 Tracked objects:
		On entry : 
		On exit  : 
		Unchanged: 
 Data sizes:     COMMON   BANK0   BANK1   BANK3   BANK2
      Params:         0       0       0       0       0
      Locals:         0       0       0       0       0
      Temps:          0       2       0       0       0
      Totals:         0       2       0       0       0
Total ram usage:        2 bytes
 Hardware stack levels used:    1
 Hardware stack levels required when called:    6
 This function calls:
		_Fan_Off
		_Heater_Off
		_TempControl_State
		_TempSetting_State
 This function is called by:
		_Os_sch
 This function uses a non-reentrant model


 *************** function _TempSetting_State *****************
 Defined at:
		line 161 in file "ElectricWaterHeater.c"
 Parameters:    Size  Location     Type
		None
 Auto vars:     Size  Location     Type
		None
 Return value:  Size  Location     Type
                  1    wreg      void 
 Registers used:
		wreg, fsr0l, fsr0h, status,2, status,0, btemp+1, pclath, cstack
 Tracked objects:
		On entry : 
		On exit  : 
		Unchanged: 
 Data sizes:     COMMON   BANK0   BANK1   BANK3   BANK2
      Params:         0       0       0       0       0
      Locals:         0       0       0       0       0
      Temps:          0       0       0       0       0
      Totals:         0       0       0       0       0
Total ram usage:        0 bytes
 Hardware stack levels used:    1
 Hardware stack levels required when called:    5
 This function calls:
		_SW_getState
		_SW_updateSamples
 This function is called by:
		_EWH_updateState
 This function uses a non-reentrant model


 *************** function _SW_updateSamples *****************
 Defined at:
		line 64 in file "SW.c"
 Parameters:    Size  Location     Type
		None
 Auto vars:     Size  Location     Type
		None
 Return value:  Size  Location     Type
                  1    wreg      void 
 Registers used:
		wreg, fsr0l, fsr0h, status,2, status,0, btemp+1, pclath, cstack
 Tracked objects:
		On entry : 
		On exit  : 
		Unchanged: 
 Data sizes:     COMMON   BANK0   BANK1   BANK3   BANK2
      Params:         0       0       0       0       0
      Locals:         0       0       0       0       0
      Temps:          0       0       0       0       0
      Totals:         0       0       0       0       0
Total ram usage:        0 bytes
 Hardware stack levels used:    1
 Hardware stack levels required when called:    4
 This function calls:
		_SW_updateState
 This function is called by:
		_SW_Task
		_TempSetting_State
 This function uses a non-reentrant model


 *************** function _SW_updateState *****************
 Defined at:
		line 32 in file "SW.c"
 Parameters:    Size  Location     Type
  sw_index        1    wreg     unsigned char 
 Auto vars:     Size  Location     Type
  sw_index        1   10[BANK0 ] unsigned char 
  sw_state        1    9[BANK0 ] unsigned char 
  dummydelay      1    0        unsigned char 
 Return value:  Size  Location     Type
                  1    wreg      void 
 Registers used:
		wreg, fsr0l, fsr0h, status,2, status,0, btemp+1, pclath, cstack
 Tracked objects:
		On entry : 
		On exit  : 
		Unchanged: 
 Data sizes:     COMMON   BANK0   BANK1   BANK3   BANK2
      Params:         0       0       0       0       0
      Locals:         0       3       0       0       0
      Temps:          0       3       0       0       0
      Totals:         0       6       0       0       0
Total ram usage:        6 bytes
 Hardware stack levels used:    1
 Hardware stack levels required when called:    3
 This function calls:
		_Dio_ReadChannel
 This function is called by:
		_SW_updateSamples
 This function uses a non-reentrant model


 *************** function _Dio_ReadChannel *****************
 Defined at:
		line 202 in file "DIO.c"
 Parameters:    Size  Location     Type
  ChannelId       1    wreg     unsigned char 
 Auto vars:     Size  Location     Type
  ChannelId       1    4[BANK0 ] unsigned char 
  pin_ptr         2    2[BANK0 ] PTR volatile unsigned ch
		 -> PORTE(1), PORTD(1), PORTC(1), PORTB(1), 
		 -> PORTA(1), NULL(0), 
  error           1    1[BANK0 ] unsigned char 
  ChannelLevel    1    0[BANK0 ] unsigned char 
 Return value:  Size  Location     Type
                  1    wreg      unsigned char 
 Registers used:
		wreg, fsr0l, fsr0h, status,2, status,0, btemp+1
 Tracked objects:
		On entry : 
		On exit  : 
		Unchanged: 
 Data sizes:     COMMON   BANK0   BANK1   BANK3   BANK2
      Params:         0       0       0       0       0
      Locals:         0       5       0       0       0
      Temps:          4       0       0       0       0
      Totals:         4       5       0       0       0
Total ram usage:        9 bytes
 Hardware stack levels used:    1
 Hardware stack levels required when called:    2
 This function calls:
		Nothing
 This function is called by:
		_SW_updateState
 This function uses a non-reentrant model


 *************** function _SW_getState *****************
 Defined at:
		line 61 in file "SW.c"
 Parameters:    Size  Location     Type
  sw_index        1    wreg     unsigned char 
 Auto vars:     Size  Location     Type
  sw_index        1    3[COMMON] unsigned char 
 Return value:  Size  Location     Type
                  1    wreg      unsigned char 
 Registers used:
		wreg, fsr0l, fsr0h, status,2, status,0
 Tracked objects:
		On entry : 
		On exit  : 
		Unchanged: 
 Data sizes:     COMMON   BANK0   BANK1   BANK3   BANK2
      Params:         0       0       0       0       0
      Locals:         1       0       0       0       0
      Temps:          0       0       0       0       0
      Totals:         1       0       0       0       0
Total ram usage:        1 bytes
 Hardware stack levels used:    1
 Hardware stack levels required when called:    2
 This function calls:
		Nothing
 This function is called by:
		_SW_Task
		_TempSetting_State
 This function uses a non-reentrant model


 *************** function _TempControl_State *****************
 Defined at:
		line 132 in file "ElectricWaterHeater.c"
 Parameters:    Size  Location     Type
		None
 Auto vars:     Size  Location     Type
		None
 Return value:  Size  Location     Type
                  1    wreg      void 
 Registers used:
		wreg, fsr0l, fsr0h, status,2, status,0, btemp+1, pclath, cstack
 Tracked objects:
		On entry : 
		On exit  : 
		Unchanged: 
 Data sizes:     COMMON   BANK0   BANK1   BANK3   BANK2
      Params:         0       0       0       0       0
      Locals:         0       0       0       0       0
      Temps:          0       3       0       0       0
      Totals:         0       3       0       0       0
Total ram usage:        3 bytes
 Hardware stack levels used:    1
 Hardware stack levels required when called:    4
 This function calls:
		_Fan_Off
		_Fan_On
		_Heater_Off
		_Heater_On
 This function is called by:
		_EWH_updateState
 This function uses a non-reentrant model


 *************** function _Heater_On *****************
 Defined at:
		line 30 in file "Heater.c"
 Parameters:    Size  Location     Type
		None
 Auto vars:     Size  Location     Type
		None
 Return value:  Size  Location     Type
                  1    wreg      void 
 Registers used:
		wreg, fsr0l, fsr0h, status,2, status,0, btemp+1, pclath, cstack
 Tracked objects:
		On entry : 
		On exit  : 
		Unchanged: 
 Data sizes:     COMMON   BANK0   BANK1   BANK3   BANK2
      Params:         0       0       0       0       0
      Locals:         0       0       0       0       0
      Temps:          0       0       0       0       0
      Totals:         0       0       0       0       0
Total ram usage:        0 bytes
 Hardware stack levels used:    1
 Hardware stack levels required when called:    3
 This function calls:
		_Dio_WriteChannel
 This function is called by:
		_TempControl_State
 This function uses a non-reentrant model


 *************** function _Fan_On *****************
 Defined at:
		line 31 in file "fan.c"
 Parameters:    Size  Location     Type
		None
 Auto vars:     Size  Location     Type
		None
 Return value:  Size  Location     Type
                  1    wreg      void 
 Registers used:
		wreg, fsr0l, fsr0h, status,2, status,0, btemp+1, pclath, cstack
 Tracked objects:
		On entry : 
		On exit  : 
		Unchanged: 
 Data sizes:     COMMON   BANK0   BANK1   BANK3   BANK2
      Params:         0       0       0       0       0
      Locals:         0       0       0       0       0
      Temps:          0       0       0       0       0
      Totals:         0       0       0       0       0
Total ram usage:        0 bytes
 Hardware stack levels used:    1
 Hardware stack levels required when called:    3
 This function calls:
		_Dio_WriteChannel
 This function is called by:
		_TempControl_State
 This function uses a non-reentrant model


 *************** function _Display_Task *****************
 Defined at:
		line 104 in file "ElectricWaterHeater.c"
 Parameters:    Size  Location     Type
		None
 Auto vars:     Size  Location     Type
		None
 Return value:  Size  Location     Type
                  1    wreg      void 
 Registers used:
		wreg, fsr0l, fsr0h, status,2, status,0, btemp+1, pclath, cstack
 Tracked objects:
		On entry : 
		On exit  : 
		Unchanged: 
 Data sizes:     COMMON   BANK0   BANK1   BANK3   BANK2
      Params:         0       0       0       0       0
      Locals:         0       0       0       0       0
      Temps:          0       0       0       0       0
      Totals:         0       0       0       0       0
Total ram usage:        0 bytes
 Hardware stack levels used:    1
 Hardware stack levels required when called:    5
 This function calls:
		_Disp_turnDiplaysOff
		_Disp_updateValue
		_Disp_updateValue_blink
 This function is called by:
		_Os_sch
 This function uses a non-reentrant model


 *************** function _Disp_updateValue_blink *****************
 Defined at:
		line 72 in file "SSD.c"
 Parameters:    Size  Location     Type
  value           1    wreg     unsigned char 
 Auto vars:     Size  Location     Type
  value           1   14[BANK0 ] unsigned char 
 Return value:  Size  Location     Type
                  1    wreg      void 
 Registers used:
		wreg, fsr0l, fsr0h, status,2, status,0, btemp+1, pclath, cstack
 Tracked objects:
		On entry : 
		On exit  : 
		Unchanged: 
 Data sizes:     COMMON   BANK0   BANK1   BANK3   BANK2
      Params:         0       0       0       0       0
      Locals:         0       1       0       0       0
      Temps:          0       0       0       0       0
      Totals:         0       1       0       0       0
Total ram usage:        1 bytes
 Hardware stack levels used:    1
 Hardware stack levels required when called:    4
 This function calls:
		_Disp_turnDiplaysOff
		_Disp_updateValue
 This function is called by:
		_Display_Task
 This function uses a non-reentrant model


 *************** function _Disp_updateValue *****************
 Defined at:
		line 56 in file "SSD.c"
 Parameters:    Size  Location     Type
  value           1    wreg     unsigned char 
 Auto vars:     Size  Location     Type
  value           1    7[COMMON] unsigned char 
 Return value:  Size  Location     Type
                  1    wreg      void 
 Registers used:
		wreg, fsr0l, fsr0h, status,2, status,0, btemp+1, pclath, cstack
 Tracked objects:
		On entry : 
		On exit  : 
		Unchanged: 
 Data sizes:     COMMON   BANK0   BANK1   BANK3   BANK2
      Params:         0       0       0       0       0
      Locals:         1       0       0       0       0
      Temps:          0       2       0       0       0
      Totals:         1       2       0       0       0
Total ram usage:        3 bytes
 Hardware stack levels used:    1
 Hardware stack levels required when called:    3
 This function calls:
		_Dio_WritePort
		___awdiv
		___awmod
 This function is called by:
		_Display_Task
		_Disp_updateValue_blink
 This function uses a non-reentrant model


 *************** function ___awmod *****************
 Defined at:
		line 5 in file "C:\Program Files\Microchip\xc8\v2.20\pic\sources\c90\common\awmod.c"
 Parameters:    Size  Location     Type
  divisor         2    3[COMMON] int 
  dividend        2    5[COMMON] int 
 Auto vars:     Size  Location     Type
  sign            1    1[BANK0 ] unsigned char 
  counter         1    0[BANK0 ] unsigned char 
 Return value:  Size  Location     Type
                  2    3[COMMON] int 
 Registers used:
		wreg, status,2, status,0, btemp+1
 Tracked objects:
		On entry : 
		On exit  : 
		Unchanged: 
 Data sizes:     COMMON   BANK0   BANK1   BANK3   BANK2
      Params:         4       0       0       0       0
      Locals:         0       2       0       0       0
      Temps:          0       0       0       0       0
      Totals:         4       2       0       0       0
Total ram usage:        6 bytes
 Hardware stack levels used:    1
 Hardware stack levels required when called:    2
 This function calls:
		Nothing
 This function is called by:
		_Disp_updateValue
 This function uses a non-reentrant model


 *************** function ___awdiv *****************
 Defined at:
		line 5 in file "C:\Program Files\Microchip\xc8\v2.20\pic\sources\c90\common\awdiv.c"
 Parameters:    Size  Location     Type
  divisor         2    3[COMMON] int 
  dividend        2    5[COMMON] int 
 Auto vars:     Size  Location     Type
  quotient        2    2[BANK0 ] int 
  sign            1    1[BANK0 ] unsigned char 
  counter         1    0[BANK0 ] unsigned char 
 Return value:  Size  Location     Type
[...]
 Defined at:
		line 34 in file "Heater.c"
 Parameters:    Size  Location     Type
		None
 Auto vars:     Size  Location     Type
		None
 Return value:  Size  Location     Type
                  1    wreg      void 
 Registers used:
		wreg, fsr0l, fsr0h, status,2, status,0, btemp+1, pclath, cstack
 Tracked objects:
		On entry : 
		On exit  : 
		Unchanged: 
 Data sizes:     COMMON   BANK0   BANK1   BANK3   BANK2
      Params:         0       0       0       0       0
      Locals:         0       0       0       0       0
      Temps:          0       0       0       0       0
      Totals:         0       0       0       0       0
Total ram usage:        0 bytes
 Hardware stack levels used:    1
 Hardware stack levels required when called:    3
 This function calls:
		_Dio_WriteChannel
 This function is called by:
		_Heater_init
		_TempControl_State
		_EWH_updateState
 This function uses a non-reentrant model


 *************** function _Fan_init *****************
 Defined at:
		line 25 in file "fan.c"
 Parameters:    Size  Location     Type
		None
 Auto vars:     Size  Location     Type
		None
 Return value:  Size  Location     Type
                  1    wreg      void 
 Registers used:
		wreg, fsr0l, fsr0h, status,2, status,0, btemp+1, pclath, cstack
 Tracked objects:
		On entry : 
		On exit  : 
		Unchanged: 
 Data sizes:     COMMON   BANK0   BANK1   BANK3   BANK2
      Params:         0       0       0       0       0
      Locals:         0       0       0       0       0
      Temps:          0       0       0       0       0
      Totals:         0       0       0       0       0
Total ram usage:        0 bytes
 Hardware stack levels used:    1
 Hardware stack levels required when called:    4
 This function calls:
		_Fan_Off
		_Port_SetDirection
		_fan_setConfigurations
 This function is called by:
		_EWH_initTask
 This function uses a non-reentrant model


 *************** function _fan_setConfigurations *****************
 Defined at:
		line 18 in file "fan.c"
 Parameters:    Size  Location     Type
		None
 Auto vars:     Size  Location     Type
		None
 Return value:  Size  Location     Type
                  1    wreg      void 
 Registers used:
		wreg, status,2, btemp+1
 Tracked objects:
		On entry : 
		On exit  : 
		Unchanged: 
 Data sizes:     COMMON   BANK0   BANK1   BANK3   BANK2
      Params:         0       0       0       0       0
      Locals:         0       0       0       0       0
      Temps:          0       0       0       0       0
      Totals:         0       0       0       0       0
Total ram usage:        0 bytes
 Hardware stack levels used:    1
 Hardware stack levels required when called:    2
 This function calls:
		Nothing
 This function is called by:
		_Fan_init
 This function uses a non-reentrant model


 *************** function _Fan_Off *****************
 Defined at:
		line 35 in file "fan.c"
 Parameters:    Size  Location     Type
		None
 Auto vars:     Size  Location     Type
		None
 Return value:  Size  Location     Type
                  1    wreg      void 
 Registers used:
		wreg, fsr0l, fsr0h, status,2, status,0, btemp+1, pclath, cstack
 Tracked objects:
		On entry : 
		On exit  : 
		Unchanged: 
 Data sizes:     COMMON   BANK0   BANK1   BANK3   BANK2
      Params:         0       0       0       0       0
      Locals:         0       0       0       0       0
      Temps:          0       0       0       0       0
      Totals:         0       0       0       0       0
Total ram usage:        0 bytes
 Hardware stack levels used:    1
 Hardware stack levels required when called:    3
 This function calls:
		_Dio_WriteChannel
 This function is called by:
		_Fan_init
		_TempControl_State
		_EWH_updateState
 This function uses a non-reentrant model


 *************** function _Dio_WriteChannel *****************
 Defined at:
		line 142 in file "DIO.c"
 Parameters:    Size  Location     Type
  ChannelId       1    wreg     unsigned char 
  Level           1    3[COMMON] unsigned char 
 Auto vars:     Size  Location     Type
  ChannelId       1    3[BANK0 ] unsigned char 
  port_ptr        2    1[BANK0 ] PTR volatile unsigned ch
		 -> PORTE(1), PORTD(1), PORTC(1), PORTB(1), 
		 -> PORTA(1), NULL(0), 
  error           1    0[BANK0 ] unsigned char 
 Return value:  Size  Location     Type
                  1    wreg      void 
 Registers used:
		wreg, fsr0l, fsr0h, status,2, status,0, btemp+1
 Tracked objects:
		On entry : 
		On exit  : 
		Unchanged: 
 Data sizes:     COMMON   BANK0   BANK1   BANK3   BANK2
      Params:         1       0       0       0       0
      Locals:         0       4       0       0       0
      Temps:          4       0       0       0       0
      Totals:         5       4       0       0       0
Total ram usage:        9 bytes
 Hardware stack levels used:    1
 Hardware stack levels required when called:    2
 This function calls:
		Nothing
 This function is called by:
		_Heater_On
		_Heater_Off
		_Fan_On
		_Fan_Off
		_LED_init
		_LED_On
		_LED_Off
 This function uses a non-reentrant model


 *************** function _Disp_init *****************
 Defined at:
		line 48 in file "SSD.c"
 Parameters:    Size  Location     Type
		None
 Auto vars:     Size  Location     Type
		None
 Return value:  Size  Location     Type
                  1    wreg      void 
 Registers used:
		wreg, fsr0l, fsr0h, status,2, status,0, btemp+1, pclath, cstack
 Tracked objects:
		On entry : 
		On exit  : 
		Unchanged: 
 Data sizes:     COMMON   BANK0   BANK1   BANK3   BANK2
      Params:         0       0       0       0       0
      Locals:         0       0       0       0       0
      Temps:          0       0       0       0       0
      Totals:         0       0       0       0       0
Total ram usage:        0 bytes
 Hardware stack levels used:    1
 Hardware stack levels required when called:    3
 This function calls:
		_Port_SetDirection
		_Port_SetPortDirection
		_SSD_setConfigurations
 This function is called by:
		_EWH_initTask
 This function uses a non-reentrant model


 *************** function _SSD_setConfigurations *****************
 Defined at:
		line 33 in file "SSD.c"
 Parameters:    Size  Location     Type
		None
 Auto vars:     Size  Location     Type
		None
 Return value:  Size  Location     Type
                  1    wreg      void 
 Registers used:
		wreg, status,2, btemp+1
 Tracked objects:
		On entry : 
		On exit  : 
		Unchanged: 
 Data sizes:     COMMON   BANK0   BANK1   BANK3   BANK2
      Params:         0       0       0       0       0
      Locals:         0       0       0       0       0
      Temps:          0       0       0       0       0
      Totals:         0       0       0       0       0
Total ram usage:        0 bytes
 Hardware stack levels used:    1
 Hardware stack levels required when called:    2
 This function calls:
		Nothing
 This function is called by:
		_Disp_init
 This function uses a non-reentrant model


 *************** function _Port_SetPortDirection *****************
 Defined at:
		line 36 in file "Port.c"
 Parameters:    Size  Location     Type
  ConfigPtr       1    wreg     PTR const struct .
		 -> g_SSD_DataPortConfig(2), 
 Auto vars:     Size  Location     Type
  ConfigPtr       1    7[COMMON] PTR const struct .
		 -> g_SSD_DataPortConfig(2), 
  DDR_Ptr         2    5[COMMON] PTR volatile unsigned ch
		 -> TRISE(1), TRISD(1), TRISC(1), TRISB(1), 
		 -> TRISA(1), NULL(0), 
 Return value:  Size  Location     Type
                  1    wreg      void 
 Registers used:
		wreg, fsr0l, fsr0h, status,2, status,0, btemp+1
 Tracked objects:
		On entry : 
		On exit  : 
		Unchanged: 
 Data sizes:     COMMON   BANK0   BANK1   BANK3   BANK2
      Params:         0       0       0       0       0
      Locals:         3       0       0       0       0
      Temps:          2       0       0       0       0
      Totals:         5       0       0       0       0
Total ram usage:        5 bytes
 Hardware stack levels used:    1
 Hardware stack levels required when called:    2
 This function calls:
		Nothing
 This function is called by:
		_Disp_init
 This function uses a non-reentrant model


 *************** function _Port_SetDirection *****************
 Defined at:
		line 14 in file "Port.c"
 Parameters:    Size  Location     Type
  ConfigPtr       1    wreg     PTR const struct .
		 -> g_LED_Config(3), g_SSD_DISP2_Enable_config(3), g_SSD_DISP1_Enable_config(3), g_coolingElement_config(3), 
		 -> SW_Configurations.SW_configured_channels(9), SW_Configurations(9), g_lm35_config(3), g_HeatingElement_config(3), 
		 -> NULL(0), 
 Auto vars:     Size  Location     Type
  ConfigPtr       1    7[COMMON] PTR const struct .
		 -> g_LED_Config(3), g_SSD_DISP2_Enable_config(3), g_SSD_DISP1_Enable_config(3), g_coolingElement_config(3), 
		 -> SW_Configurations.SW_configured_channels(9), SW_Configurations(9), g_lm35_config(3), g_HeatingElement_config(3), 
		 -> NULL(0), 
  DDR_Ptr         2    5[COMMON] PTR volatile unsigned ch
		 -> TRISE(1), TRISD(1), TRISC(1), TRISB(1), 
		 -> TRISA(1), NULL(0), 
 Return value:  Size  Location     Type
                  1    wreg      void 
 Registers used:
		wreg, fsr0l, fsr0h, status,2, status,0, btemp+1
 Tracked objects:
		On entry : 
		On exit  : 
		Unchanged: 
 Data sizes:     COMMON   BANK0   BANK1   BANK3   BANK2
      Params:         0       0       0       0       0
      Locals:         3       0       0       0       0
      Temps:          2       0       0       0       0
      Totals:         5       0       0       0       0
Total ram usage:        5 bytes
 Hardware stack levels used:    1
 Hardware stack levels required when called:    2
 This function calls:
		Nothing
 This function is called by:
		_Heater_init
		_LM35_Init
		_SW_setConfigurations
		_Fan_init
		_Disp_init
		_LED_init
 This function uses a non-reentrant model


 *************** function _Dio_Init *****************
 Defined at:
		line 14 in file "DIO.c"
 Parameters:    Size  Location     Type
  ConfigPtr       1    wreg     PTR const struct .
		 -> DIO_configuration(17), 
 Auto vars:     Size  Location     Type
  ConfigPtr       1    4[COMMON] PTR const struct .
		 -> DIO_configuration(17), 
  error           1    3[COMMON] unsigned char 
 Return value:  Size  Location     Type
                  1    wreg      void 
 Registers used:
		wreg, status,2, status,0, btemp+1
 Tracked objects:
		On entry : 
		On exit  : 
		Unchanged: 
 Data sizes:     COMMON   BANK0   BANK1   BANK3   BANK2
      Params:         0       0       0       0       0
      Locals:         2       0       0       0       0
      Temps:          0       0       0       0       0
      Totals:         2       0       0       0       0
Total ram usage:        2 bytes
 Hardware stack levels used:    1
 Hardware stack levels required when called:    2
 This function calls:
		Nothing
 This function is called by:
		_EWH_initTask
 This function uses a non-reentrant model


 *************** function _Adc_init *****************
 Defined at:
		line 23 in file "ADC.c"
 Parameters:    Size  Location     Type
  Config_Ptr      1    wreg     PTR const struct .
		 -> Adc_configuration(2), 
 Auto vars:     Size  Location     Type
  Config_Ptr      1    5[COMMON] PTR const struct .
		 -> Adc_configuration(2), 
 Return value:  Size  Location     Type
                  1    wreg      void 
 Registers used:
		wreg, fsr0l, fsr0h, status,2, status,0, btemp+1, pclath
 Tracked objects:
		On entry : 
		On exit  : 
		Unchanged: 
 Data sizes:     COMMON   BANK0   BANK1   BANK3   BANK2
      Params:         0       0       0       0       0
      Locals:         1       0       0       0       0
      Temps:          2       0       0       0       0
      Totals:         3       0       0       0       0
Total ram usage:        3 bytes
 Hardware stack levels used:    1
 Hardware stack levels required when called:    2
 This function calls:
		Nothing
 This function is called by:
		_EWH_initTask
 This function uses a non-reentrant model


 *************** function _Main_ISR *****************
 Defined at:
		line 8 in file "INTHandelrs.c"
 Parameters:    Size  Location     Type
		None
 Auto vars:     Size  Location     Type
		None
 Return value:  Size  Location     Type
                  1    wreg      void 
 Registers used:
		wreg, status,2, status,0, btemp+1, pclath, cstack
 Tracked objects:
		On entry : 
		On exit  : 
		Unchanged: 
 Data sizes:     COMMON   BANK0   BANK1   BANK3   BANK2
      Params:         0       0       0       0       0
      Locals:         0       0       0       0       0
      Temps:          3       0       0       0       0
      Totals:         3       0       0       0       0
Total ram usage:        3 bytes
 Hardware stack levels used:    1
 Hardware stack levels required when called:    1
 This function calls:
		Absolute function
		_Os_newTimerTick
 This function is called by:
		Interrupt level 1
 This function uses a non-reentrant model


 *************** function _Os_newTimerTick *****************
 Defined at:
		line 38 in file "Os.c"
 Parameters:    Size  Location     Type
		None
 Auto vars:     Size  Location     Type
		None
 Return value:  Size  Location     Type
                  1    wreg      void 
 Registers used:
		wreg, status,2, status,0, btemp+1
 Tracked objects:
		On entry : 
		On exit  : 
		Unchanged: 
 Data sizes:     COMMON   BANK0   BANK1   BANK3   BANK2
      Params:         0       0       0       0       0
      Locals:         0       0       0       0       0
      Temps:          0       0       0       0       0
      Totals:         0       0       0       0       0
Total ram usage:        0 bytes
 Hardware stack levels used:    1
 This function calls:
		Nothing
 This function is called by:
		_Os_start
		_Main_ISR
 This function uses a non-reentrant model



MODULE INFORMATION

Module		Function		Class		Link	Load	Size
SW.c
		_SW_getState   		CODE           	1741	0000	8
		_SW_UpdateStates		CODE           	08D0	0000	28
		_SW_setConfigurations		CODE           	0A30	0000	49
		_SW_updateSamples		CODE           	0821	0000	20
		_SW_updateState		CODE           	0B80	0000	66
		_SW_init       		CODE           	1733	0000	8

SW.c estimated size: 179

Led.c
		_LED_setConfigurations		CODE           	179A	0000	11
		_LED_init      		CODE           	080E	0000	20

Led.c estimated size: 31

Port.c
		_Port_SetPortDirection		CODE           	0D38	0000	89
		_Port_SetDirection		CODE           	0F8C	0000	117

Port.c estimated size: 206

INTHandelrs.c
		_Main_ISR      		CODE           	0940	0000	35
		_Tmr1_setCallback		CODE           	1770	0000	9

INTHandelrs.c estimated size: 44

SSD.c
		_Disp_turnDiplaysOff		CODE           	173A	0000	8
		_Disp_updateValue		CODE           	0EB0	0000	107
		_Disp_init     		CODE           	089E	0000	25
		_SSD_setConfigurations		CODE           	0847	0000	21
		_Disp_updateValue_blink		CODE           	09D6	0000	44

SSD.c estimated size: 205

C:\Program Files\Microchip\xc8\v2.20\pic\sources\c90\common\Umul8_16.c
		__Umul8_16     		CODE           	09AD	0000	42

C:\Program Files\Microchip\xc8\v2.20\pic\sources\c90\common\Umul8_16.c estimated size: 42

timer.c
		_SysTimer_start		CODE           	1768	0000	9

timer.c estimated size: 9

i2c.c
		_I2c_setConfigurations		CODE           	0870	0000	24
		_I2C_Write     		CODE           	17EF	0000	18
		_I2C_Stop      		CODE           	1760	0000	9
		_I2C_Init      		CODE           	17DE	0000	18
		_i2c_WaitForIdle		CODE           	0887	0000	24
		_I2C_Start     		CODE           	1758	0000	9

i2c.c estimated size: 102

Heater.c
		_Heater_On     		CODE           	1791	0000	10
		_Heater_Off    		CODE           	1750	0000	9
		_Heater_init   		CODE           	17CD	0000	18
		_Heater_setConfigurations		CODE           	17B0	0000	13

Heater.c estimated size: 50

C:\Program Files\Microchip\xc8\v2.20\pic\sources\c90\common\xxtofl.c
		___xxtofl      		CODE           	057F	0000	189

C:\Program Files\Microchip\xc8\v2.20\pic\sources\c90\common\xxtofl.c estimated size: 189

ElectricWaterHeater.c
		_TempControl_State		CODE           	0C07	0000	74
		_EWH_initTask  		CODE           	0C99	0000	78
		_TempSensing_Task		CODE           	0A98	0000	57
		_Active_Task   		CODE           	08B6	0000	27
		_TempSetting_State		CODE           	0B09	0000	59
		_Display_Task  		CODE           	0962	0000	37
		_EWH_updateState		CODE           	0A60	0000	57
		_SW_Task       		CODE           	0C50	0000	74

ElectricWaterHeater.c estimated size: 463

DIO.c
		_Dio_ReadChannel		CODE           	0F1A	0000	115
		_Dio_WriteChannel		CODE           	06E5	0000	150
		_Dio_WritePort 		CODE           	0DEB	0000	93
		_Dio_Init      		CODE           	0906	0000	29

DIO.c estimated size: 387

C:\Program Files\Microchip\xc8\v2.20\pic\sources\c90\common\awmod.c
		___awmod       		CODE           	0D90	0000	92

C:\Program Files\Microchip\xc8\v2.20\pic\sources\c90\common\awmod.c estimated size: 92

external_eeprom.c
		_externalEEPROM_init		CODE           	172D	0000	7
		_externalEEPROM_writeU8Data		CODE           	0922	0000	31

external_eeprom.c estimated size: 38

shared
		__stringtab    		STRING         	1000	0000	7
		__i1fptable    		ENTRY          	0038	0000	10
		__initialization		CODE           	0013	0000	33
		_Adc_configuration		STRING         	1006	0000	3

shared estimated size: 53

LM35.c
		_LM35_Init     		CODE           	0802	0000	13
		_LM35_ReadTemp 		CODE           	063B	0000	171
		_lm35_setConfigurations		CODE           	07F6	0000	11

LM35.c estimated size: 195

ADC.c
		_Adc_init      		CODE           	0CE6	0000	83
		_Adc_readChannel		CODE           	0AD0	0000	58

ADC.c estimated size: 141

C:\Program Files\Microchip\xc8\v2.20\pic\sources\c90\common\lwdiv.c
		___lwdiv       		CODE           	0BC1	0000	71

C:\Program Files\Microchip\xc8\v2.20\pic\sources\c90\common\lwdiv.c estimated size: 71

C:\Program Files\Microchip\xc8\v2.20\pic\sources\c90\common\fltol.c
		___fltol       		CODE           	077A	0000	125

C:\Program Files\Microchip\xc8\v2.20\pic\sources\c90\common\fltol.c estimated size: 125

C:\Program Files\Microchip\xc8\v2.20\pic\sources\c90\common\Umul8.c
		___bmul        		CODE           	085B	0000	22

C:\Program Files\Microchip\xc8\v2.20\pic\sources\c90\common\Umul8.c estimated size: 22

C:\Program Files\Microchip\xc8\v2.20\pic\sources\c90\common\sprcmul.c
		___flmul       		CODE           	0041	0000	866

C:\Program Files\Microchip\xc8\v2.20\pic\sources\c90\common\sprcmul.c estimated size: 866

Os.c
		_Os_start      		CODE           	08EB	0000	28
		_Os_sch        		CODE           	0A01	0000	48
		_Os_newTimerTick		CODE           	0B43	0000	62

Os.c estimated size: 138

main.c
		_main          		CODE           	1778	0000	9

main.c estimated size: 9

C:\Program Files\Microchip\xc8\v2.20\pic\sources\c90\common\sprcdiv.c
		___fldiv       		CODE           	03A2	0000	478

C:\Program Files\Microchip\xc8\v2.20\pic\sources\c90\common\sprcdiv.c estimated size: 478

fan.c
		_fan_setConfigurations		CODE           	17A4	0000	13
		_Fan_On        		CODE           	1788	0000	10
		_Fan_Off       		CODE           	1748	0000	9
		_Fan_init      		CODE           	17BC	0000	18

fan.c estimated size: 50

C:\Program Files\Microchip\xc8\v2.20\pic\sources\c90\common\awdiv.c
		___awdiv       		CODE           	0E47	0000	106

C:\Program Files\Microchip\xc8\v2.20\pic\sources\c90\common\awdiv.c estimated size: 106

